// Jest Snapshot v1, https://goo.gl/fbAQLP

exports[`Button component should match snapshot 1`] = `
<div>
  <button
    class="sc-bczRLJ hooQPf"
  >
    <p>
      title
    </p>
    <span>
      R$ 41,00
    </span>
  </button>
</div>
`;
