// Jest Snapshot v1, https://goo.gl/fbAQLP

exports[`Button component should match snapshot 1`] = `
<div>
  <span
    class="sc-bczRLJ dqVUjq"
    data-tooltip="Some advise"
    role="tooltip"
  >
    <h1>
      hover me
    </h1>
  </span>
</div>
`;
